 julia_v4_mex

 Timestamp is 52f10cb7 (Tue Feb 04 15:52:23 2014)

 Preferred load address is 0000000180000000

 Start         Length     Name                   Class
 0001:00000000 00001b9cH .text                   CODE
 0001:00001ba0 0000007bH .text$x                 CODE
 0002:00000000 00000238H .idata$5                DATA
 0002:00000238 00000008H .CRT$XCA                DATA
 0002:00000240 00000008H .CRT$XCZ                DATA
 0002:00000248 00000008H .CRT$XIA                DATA
 0002:00000250 00000008H .CRT$XIAA               DATA
 0002:00000258 00000008H .CRT$XIC                DATA
 0002:00000260 00000008H .CRT$XIZ                DATA
 0002:00000270 00000700H .rdata                  DATA
 0002:00000970 00000008H .rtc$IAA                DATA
 0002:00000978 00000008H .rtc$IZZ                DATA
 0002:00000980 00000008H .rtc$TAA                DATA
 0002:00000988 00000008H .rtc$TZZ                DATA
 0002:00000990 000001e8H .xdata                  DATA
 0002:00000b78 00000078H .idata$2                DATA
 0002:00000bf0 00000014H .idata$3                DATA
 0002:00000c08 00000238H .idata$4                DATA
 0002:00000e40 000005e6H .idata$6                DATA
 0002:00001430 000000c0H .edata                  DATA
 0003:00000000 00000084H .data                   DATA
 0003:00000090 000005d0H .bss                    DATA
 0004:00000000 000001c8H .pdata                  DATA

  Address         Publics by Value              Rva+Base               Lib:Object

 0000:00000000       ___safe_se_handler_table   0000000000000000     <absolute>
 0000:00000000       ___safe_se_handler_count   0000000000000000     <absolute>
 0000:00000000       __ImageBase                0000000180000000     <linker-defined>
 0001:00000000       julia_v4_initialize        0000000180001000 f   julia_v4_initialize.obj
 0001:00000060       julia_v4_atexit            0000000180001060 f   julia_v4_terminate.obj
 0001:000000b0       julia_v4_terminate         00000001800010b0 f   julia_v4_terminate.obj
 0001:000000d0       julia_v4                   00000001800010d0 f   julia_v4.obj
 0001:000002c0       emlrtMexFcnResolvedFunctionsInfo 00000001800012c0 f   julia_v4_api.obj
 0001:000009e0       julia_v4_api               00000001800019e0 f   julia_v4_api.obj
 0001:00000ca0       emxEnsureCapacity          0000000180001ca0 f   julia_v4_emxutil.obj
 0001:00000d60       emxFree_real_T             0000000180001d60 f   julia_v4_emxutil.obj
 0001:00000d60       emxFree_creal_T            0000000180001d60 f   julia_v4_emxutil.obj
 0001:00000da0       emxInit_creal_T            0000000180001da0 f   julia_v4_emxutil.obj
 0001:00000da0       emxInit_real_T             0000000180001da0 f   julia_v4_emxutil.obj
 0001:00000e30       emlrtMexFcnProperties      0000000180001e30 f   julia_v4_mex.obj
 0001:00000f90       julia_v4_atexit_wrapper    0000000180001f90 f   julia_v4_mex.obj
 0001:000010d0       mexFunction                00000001800020d0 f   julia_v4_mex.obj
 0001:00001120       mxGetData                  0000000180002120 f   libmx:libmx.dll
 0001:00001126       mxSetData                  0000000180002126 f   libmx:libmx.dll
 0001:0000112c       mxCreateString             000000018000212c f   libmx:libmx.dll
 0001:00001132       mxSetDimensions_700        0000000180002132 f   libmx:libmx.dll
 0001:00001138       mxCreateStructArray_700    0000000180002138 f   libmx:libmx.dll
 0001:0000113e       mxCreateNumericArray_700   000000018000213e f   libmx:libmx.dll
 0001:00001144       mxCreateNumericMatrix_700  0000000180002144 f   libmx:libmx.dll
 0001:0000114a       mxCreateDoubleScalar       000000018000214a f   libmx:libmx.dll
 0001:00001150       mxSetFieldByNumber_700     0000000180002150 f   libmx:libmx.dll
 0001:00001156       mxCreateStructMatrix_700   0000000180002156 f   libmx:libmx.dll
 0001:0000115c       mxCreateLogicalMatrix_700  000000018000215c f   libmx:libmx.dll
 0001:00001162       mexAtExit                  0000000180002162 f   libmex:libmex.dll
 0001:00001168       emlrtFirstTimeR2012b       0000000180002168 f   libemlrt:libemlrt.dll
 0001:0000116e       emlrtClearAllocCountR2012b 000000018000216e f   libemlrt:libemlrt.dll
 0001:00001174       emlrtEnterRtStackR2012b    0000000180002174 f   libemlrt:libemlrt.dll
 0001:0000117a       emlrtGetBreakCheckFlagAddressR2012b 000000018000217a f   libemlrt:libemlrt.dll
 0001:00001180       emlrtCreateRootTLS         0000000180002180 f   libemlrt:libemlrt.dll
 0001:00001186       emlrtLeaveRtStackR2012b    0000000180002186 f   libemlrt:libemlrt.dll
 0001:0000118c       emlrtDestroyRootTLS        000000018000218c f   libemlrt:libemlrt.dll
 0001:00001192       emlrtAlias                 0000000180002192 f   libemlrt:libemlrt.dll
 0001:00001198       emlrtAliasP                0000000180002198 f   libemlrt:libemlrt.dll
 0001:0000119e       emlrtAssign                000000018000219e f   libemlrt:libemlrt.dll
 0001:000011a4       emlrtAddField              00000001800021a4 f   libemlrt:libemlrt.dll
 0001:000011aa       emlrtDestroyArray          00000001800021aa f   libemlrt:libemlrt.dll
 0001:000011b0       emlrtHeapReferenceStackEnterFcnR2012b 00000001800021b0 f   libemlrt:libemlrt.dll
 0001:000011b6       emlrtHeapReferenceStackLeaveFcnR2012b 00000001800021b6 f   libemlrt:libemlrt.dll
 0001:000011bc       emlrtExportNumericArrayR2013a 00000001800021bc f   libemlrt:libemlrt.dll
 0001:000011c2       emlrtNameCapturePostProcessR2012a 00000001800021c2 f   libemlrt:libemlrt.dll
 0001:000011c8       emlrtCheckBuiltInR2012b    00000001800021c8 f   libemlrt:libemlrt.dll
 0001:000011ce       emlrtCheckVsBuiltInR2012b  00000001800021ce f   libemlrt:libemlrt.dll
 0001:000011d4       emlrtImportArrayR2011b     00000001800021d4 f   libemlrt:libemlrt.dll
 0001:000011da       emlrtMallocMex             00000001800021da f   libemlrt:libemlrt.dll
 0001:000011e0       emlrtCallocMex             00000001800021e0 f   libemlrt:libemlrt.dll
 0001:000011e6       emlrtFreeMex               00000001800021e6 f   libemlrt:libemlrt.dll
 0001:000011ec       emlrtPushHeapReferenceStackR2012b 00000001800021ec f   libemlrt:libemlrt.dll
 0001:000011f2       emlrtReturnArrayR2009a     00000001800021f2 f   libemlrt:libemlrt.dll
 0001:000011f8       emlrtErrMsgIdAndTxt        00000001800021f8 f   libemlrt:libemlrt.dll
 0001:000011fe       muDoubleScalarHypot        00000001800021fe f   libmwmathutil:libmwmathutil.dll
 0001:00001204       __GSHandlerCheck           0000000180002204 f   MSVCRT:gshandler.obj
 0001:00001224       __GSHandlerCheckCommon     0000000180002224 f   MSVCRT:gshandler.obj
 0001:000012a0       __security_check_cookie    00000001800022a0 f   MSVCRT:amdsecgs.obj
 0001:000012c0       memcpy                     00000001800022c0 f   MSVCRT:MSVCR110.dll
 0001:00001328       _CRT_INIT                  0000000180002328 f   MSVCRT:crtdll.obj
 0001:00001574       _DllMainCRTStartup         0000000180002574 f   MSVCRT:crtdll.obj
 0001:000016ec       __raise_securityfailure    00000001800026ec f   MSVCRT:gs_report.obj
 0001:00001738       __report_gsfailure         0000000180002738 f   MSVCRT:gs_report.obj
 0001:0000180a       __CppXcptFilter            000000018000280a f   MSVCRT:MSVCR110.dll
 0001:00001810       _amsg_exit                 0000000180002810 f   MSVCRT:MSVCR110.dll
 0001:00001820       _FindPESection             0000000180002820 f   MSVCRT:pesect.obj
 0001:00001870       _IsNonwritableInCurrentImage 0000000180002870 f   MSVCRT:pesect.obj
 0001:000018c0       _ValidateImageBase         00000001800028c0 f   MSVCRT:pesect.obj
 0001:000018f0       __atonexitinit             00000001800028f0 f   MSVCRT:atonexit.obj
 0001:00001940       _onexit                    0000000180002940 f   MSVCRT:atonexit.obj
 0001:000019f0       atexit                     00000001800029f0 f   MSVCRT:atonexit.obj
 0001:00001a08       __security_init_cookie     0000000180002a08 f   MSVCRT:gs_support.obj
 0001:00001ab4       DllMain                    0000000180002ab4 f   MSVCRT:dllmain.obj
 0001:00001ad8       _RTC_Initialize            0000000180002ad8 f   MSVCRT:initsect.obj
 0001:00001b10       _RTC_Terminate             0000000180002b10 f   MSVCRT:initsect.obj
 0001:00001b48       _initterm                  0000000180002b48 f   MSVCRT:MSVCR110.dll
 0001:00001b4e       _initterm_e                0000000180002b4e f   MSVCRT:MSVCR110.dll
 0001:00001b54       __clean_type_info_names    0000000180002b54 f   MSVCRT:tncleanup.obj
 0001:00001b60       __C_specific_handler       0000000180002b60 f   MSVCRT:MSVCR110.dll
 0001:00001b66       __crt_debugger_hook        0000000180002b66 f   MSVCRT:MSVCR110.dll
 0001:00001b6c       __crtUnhandledException    0000000180002b6c f   MSVCRT:MSVCR110.dll
 0001:00001b72       __crtTerminateProcess      0000000180002b72 f   MSVCRT:MSVCR110.dll
 0001:00001b78       __crtCapturePreviousContext 0000000180002b78 f   MSVCRT:MSVCR110.dll
 0001:00001b7e       _lock                      0000000180002b7e f   MSVCRT:MSVCR110.dll
 0001:00001b84       _unlock                    0000000180002b84 f   MSVCRT:MSVCR110.dll
 0001:00001b8a       __dllonexit                0000000180002b8a f   MSVCRT:MSVCR110.dll
 0001:00001b90       __clean_type_info_names_internal 0000000180002b90 f   MSVCRT:MSVCR110.dll
 0001:00001b96       IsProcessorFeaturePresent  0000000180002b96 f   kernel32:KERNEL32.dll
 0002:00000000       __imp_DisableThreadLibraryCalls 0000000180003000     kernel32:KERNEL32.dll
 0002:00000008       __imp_GetSystemTimeAsFileTime 0000000180003008     kernel32:KERNEL32.dll
 0002:00000010       __imp_GetCurrentThreadId   0000000180003010     kernel32:KERNEL32.dll
 0002:00000018       __imp_GetCurrentProcessId  0000000180003018     kernel32:KERNEL32.dll
 0002:00000020       __imp_QueryPerformanceCounter 0000000180003020     kernel32:KERNEL32.dll
 0002:00000028       __imp_IsProcessorFeaturePresent 0000000180003028     kernel32:KERNEL32.dll
 0002:00000030       __imp_IsDebuggerPresent    0000000180003030     kernel32:KERNEL32.dll
 0002:00000038       __imp_DecodePointer        0000000180003038     kernel32:KERNEL32.dll
 0002:00000040       __imp_EncodePointer        0000000180003040     kernel32:KERNEL32.dll
 0002:00000048       \177KERNEL32_NULL_THUNK_DATA 0000000180003048     kernel32:KERNEL32.dll
 0002:00000050       __imp___clean_type_info_names_internal 0000000180003050     MSVCRT:MSVCR110.dll
 0002:00000058       __imp__onexit              0000000180003058     MSVCRT:MSVCR110.dll
 0002:00000060       __imp___dllonexit          0000000180003060     MSVCRT:MSVCR110.dll
 0002:00000068       __imp__calloc_crt          0000000180003068     MSVCRT:MSVCR110.dll
 0002:00000070       __imp___crtCapturePreviousContext 0000000180003070     MSVCRT:MSVCR110.dll
 0002:00000078       __imp___crtTerminateProcess 0000000180003078     MSVCRT:MSVCR110.dll
 0002:00000080       __imp___crtUnhandledException 0000000180003080     MSVCRT:MSVCR110.dll
 0002:00000088       __imp___crt_debugger_hook  0000000180003088     MSVCRT:MSVCR110.dll
 0002:00000090       __imp___C_specific_handler 0000000180003090     MSVCRT:MSVCR110.dll
 0002:00000098       __imp__initterm_e          0000000180003098     MSVCRT:MSVCR110.dll
 0002:000000a0       __imp__initterm            00000001800030a0     MSVCRT:MSVCR110.dll
 0002:000000a8       __imp__malloc_crt          00000001800030a8     MSVCRT:MSVCR110.dll
 0002:000000b0       __imp_free                 00000001800030b0     MSVCRT:MSVCR110.dll
 0002:000000b8       __imp__amsg_exit           00000001800030b8     MSVCRT:MSVCR110.dll
 0002:000000c0       __imp___CppXcptFilter      00000001800030c0     MSVCRT:MSVCR110.dll
 0002:000000c8       __imp_memcpy               00000001800030c8     MSVCRT:MSVCR110.dll
 0002:000000d0       __imp__lock                00000001800030d0     MSVCRT:MSVCR110.dll
 0002:000000d8       __imp__unlock              00000001800030d8     MSVCRT:MSVCR110.dll
 0002:000000e0       \177MSVCR110_NULL_THUNK_DATA 00000001800030e0     MSVCRT:MSVCR110.dll
 0002:000000e8       __imp_emlrtCheckBuiltInR2012b 00000001800030e8     libemlrt:libemlrt.dll
 0002:000000f0       __imp_emlrtCheckVsBuiltInR2012b 00000001800030f0     libemlrt:libemlrt.dll
 0002:000000f8       __imp_emlrtImportArrayR2011b 00000001800030f8     libemlrt:libemlrt.dll
 0002:00000100       __imp_emlrtMallocMex       0000000180003100     libemlrt:libemlrt.dll
 0002:00000108       __imp_emlrtCallocMex       0000000180003108     libemlrt:libemlrt.dll
 0002:00000110       __imp_emlrtFreeMex         0000000180003110     libemlrt:libemlrt.dll
 0002:00000118       __imp_emlrtPushHeapReferenceStackR2012b 0000000180003118     libemlrt:libemlrt.dll
 0002:00000120       __imp_emlrtReturnArrayR2009a 0000000180003120     libemlrt:libemlrt.dll
 0002:00000128       __imp_emlrtErrMsgIdAndTxt  0000000180003128     libemlrt:libemlrt.dll
 0002:00000130       __imp_emlrtNameCapturePostProcessR2012a 0000000180003130     libemlrt:libemlrt.dll
 0002:00000138       __imp_emlrtHeapReferenceStackLeaveFcnR2012b 0000000180003138     libemlrt:libemlrt.dll
 0002:00000140       __imp_emlrtHeapReferenceStackEnterFcnR2012b 0000000180003140     libemlrt:libemlrt.dll
 0002:00000148       __imp_emlrtDestroyArray    0000000180003148     libemlrt:libemlrt.dll
 0002:00000150       __imp_emlrtAddField        0000000180003150     libemlrt:libemlrt.dll
 0002:00000158       __imp_emlrtAssign          0000000180003158     libemlrt:libemlrt.dll
 0002:00000160       __imp_emlrtAliasP          0000000180003160     libemlrt:libemlrt.dll
 0002:00000168       __imp_emlrtAlias           0000000180003168     libemlrt:libemlrt.dll
 0002:00000170       __imp_emlrtDestroyRootTLS  0000000180003170     libemlrt:libemlrt.dll
 0002:00000178       __imp_emlrtLeaveRtStackR2012b 0000000180003178     libemlrt:libemlrt.dll
 0002:00000180       __imp_emlrtCreateRootTLS   0000000180003180     libemlrt:libemlrt.dll
 0002:00000188       __imp_emlrtGetBreakCheckFlagAddressR2012b 0000000180003188     libemlrt:libemlrt.dll
 0002:00000190       __imp_emlrtEnterRtStackR2012b 0000000180003190     libemlrt:libemlrt.dll
 0002:00000198       __imp_emlrtClearAllocCountR2012b 0000000180003198     libemlrt:libemlrt.dll
 0002:000001a0       __imp_emlrtFirstTimeR2012b 00000001800031a0     libemlrt:libemlrt.dll
 0002:000001a8       __imp_emlrtExportNumericArrayR2013a 00000001800031a8     libemlrt:libemlrt.dll
 0002:000001b0       \177libemlrt_NULL_THUNK_DATA 00000001800031b0     libemlrt:libemlrt.dll
 0002:000001b8       __imp_mexAtExit            00000001800031b8     libmex:libmex.dll
 0002:000001c0       \177libmex_NULL_THUNK_DATA 00000001800031c0     libmex:libmex.dll
 0002:000001c8       __imp_muDoubleScalarHypot  00000001800031c8     libmwmathutil:libmwmathutil.dll
 0002:000001d0       \177libmwmathutil_NULL_THUNK_DATA 00000001800031d0     libmwmathutil:libmwmathutil.dll
 0002:000001d8       __imp_mxCreateLogicalMatrix_700 00000001800031d8     libmx:libmx.dll
 0002:000001e0       __imp_mxCreateStructMatrix_700 00000001800031e0     libmx:libmx.dll
 0002:000001e8       __imp_mxSetFieldByNumber_700 00000001800031e8     libmx:libmx.dll
 0002:000001f0       __imp_mxCreateDoubleScalar 00000001800031f0     libmx:libmx.dll
 0002:000001f8       __imp_mxCreateNumericMatrix_700 00000001800031f8     libmx:libmx.dll
 0002:00000200       __imp_mxCreateNumericArray_700 0000000180003200     libmx:libmx.dll
 0002:00000208       __imp_mxCreateStructArray_700 0000000180003208     libmx:libmx.dll
 0002:00000210       __imp_mxSetDimensions_700  0000000180003210     libmx:libmx.dll
 0002:00000218       __imp_mxCreateString       0000000180003218     libmx:libmx.dll
 0002:00000220       __imp_mxSetData            0000000180003220     libmx:libmx.dll
 0002:00000228       __imp_mxGetData            0000000180003228     libmx:libmx.dll
 0002:00000230       \177libmx_NULL_THUNK_DATA  0000000180003230     libmx:libmx.dll
 0002:00000238       __xc_a                     0000000180003238     MSVCRT:cinitexe.obj
 0002:00000240       __xc_z                     0000000180003240     MSVCRT:cinitexe.obj
 0002:00000248       __xi_a                     0000000180003248     MSVCRT:cinitexe.obj
 0002:00000260       __xi_z                     0000000180003260     MSVCRT:cinitexe.obj
 0002:00000270       ??_C@_08ILIMKBIA@julia_v4?$AA@ 0000000180003270     julia_v4_data.obj
 0002:00000280       ??_C@_0DI@MNPBGLHN@D?3?1Dropbox?1School?5Work?1HPCE?1HPCE@ 0000000180003280     julia_v4_data.obj
 0002:000002b8       __real@3ff0000000000000    00000001800032b8     julia_v4.obj
 0002:000002c8       ??_C@_06BNJCAIGJ@double?$AA@ 00000001800032c8     julia_v4_api.obj
 0002:000002d0       ??_C@_05GIMEPBJB@int32?$AA@ 00000001800032d0     julia_v4_api.obj
 0002:000002d8       ??_C@_0DL@PKAAOCBL@?$FLE?$FND?3?1Dropbox?1School?5Work?1HPCE?1H@ 00000001800032d8     julia_v4_api.obj
 0002:00000314       ??_C@_03NFKEKGGK@all?$AA@  0000000180003314     julia_v4_api.obj
 0002:00000318       ??_C@_07EIHKFOOB@logical?$AA@ 0000000180003318     julia_v4_api.obj
 0002:00000320       ??_C@_0DE@MANODBDG@?$FLILXE?$FN$matlabroot$?1toolbox?1eml?1l@ 0000000180003320     julia_v4_api.obj
 0002:00000358       ??_C@_0P@GKLNBMCJ@eml_all_or_any?$AA@ 0000000180003358     julia_v4_api.obj
 0002:00000368       ??_C@_04ENMBGAPA@char?$AA@ 0000000180003368     julia_v4_api.obj
 0002:00000370       ??_C@_0DP@IAONNNKE@?$FLILXE?$FN$matlabroot$?1toolbox?1eml?1l@ 0000000180003370     julia_v4_api.obj
 0002:000003b0       ??_C@_07MIMONDDE@isequal?$AA@ 00000001800033b0     julia_v4_api.obj
 0002:000003b8       ??_C@_0DK@ENDCOJGF@?$FLILXE?$FN$matlabroot$?1toolbox?1eml?1l@ 00000001800033b8     julia_v4_api.obj
 0002:000003f8       ??_C@_0BB@PACNMNAE@eml_isequal_core?$AA@ 00000001800033f8     julia_v4_api.obj
 0002:00000410       ??_C@_0EB@NCIHPOOF@?$FLILXE?$FN$matlabroot$?1toolbox?1eml?1l@ 0000000180003410     julia_v4_api.obj
 0002:00000458       ??_C@_0BL@CDOFOJKC@eml_const_nonsingleton_dim?$AA@ 0000000180003458     julia_v4_api.obj
 0002:00000480       ??_C@_0EL@PHDBKCJB@?$FLILXE?$FN$matlabroot$?1toolbox?1eml?1l@ 0000000180003480     julia_v4_api.obj
 0002:000004cc       ??_C@_03BCGAIFPO@abs?$AA@  00000001800034cc     julia_v4_api.obj
 0002:000004d0       ??_C@_0DG@GPPKOLMK@?$FLILXE?$FN$matlabroot$?1toolbox?1eml?1l@ 00000001800034d0     julia_v4_api.obj
 0002:00000508       ??_C@_0P@DEOLODNE@eml_scalar_abs?$AA@ 0000000180003508     julia_v4_api.obj
 0002:00000520       ??_C@_0EB@JMHDJNBF@?$FLILXE?$FN$matlabroot$?1toolbox?1eml?1l@ 0000000180003520     julia_v4_api.obj
 0002:00000568       ??_C@_0L@NOEBDGGL@eml_dlapy2?$AA@ 0000000180003568     julia_v4_api.obj
 0002:00000578       ??_C@_0DL@IKEFNJOG@?$FLILXE?$FN$matlabroot$?1toolbox?1eml?1l@ 0000000180003578     julia_v4_api.obj
 0002:000005b4       ??_C@_05PLIADJJL@power?$AA@ 00000001800035b4     julia_v4_api.obj
 0002:000005c0       ??_C@_0DG@PFPDNIHA@?$FLILXE?$FN$matlabroot$?1toolbox?1eml?1l@ 00000001800035c0     julia_v4_api.obj
 0002:000005f8       ??_C@_0DP@JAKKLAFJ@?$FLILXE?$FN$matlabroot$?1toolbox?1eml?1l@ 00000001800035f8     julia_v4_api.obj
 0002:00000638       ??_C@_0O@DGEIFEHG@eml_scalar_eg?$AA@ 0000000180003638     julia_v4_api.obj
 0002:00000648       ??_C@_0DO@FIFFNPJ@?$FLILXE?$FN$matlabroot$?1toolbox?1eml?1l@ 0000000180003648     julia_v4_api.obj
 0002:00000688       ??_C@_0BC@JEELAMCJ@eml_scalexp_alloc?$AA@ 0000000180003688     julia_v4_api.obj
 0002:000006a0       ??_C@_0EC@EDKCHFKG@?$FLILXE?$FN$matlabroot$?1toolbox?1eml?1l@ 00000001800036a0     julia_v4_api.obj
 0002:000006f0       ??_C@_0EJ@ICIFOOJM@?$FLILXE?$FN$matlabroot$?1toolbox?1eml?1l@ 00000001800036f0     julia_v4_api.obj
 0002:0000073c       ??_C@_06PCBFLGP@mtimes?$AA@ 000000018000373c     julia_v4_api.obj
 0002:00000748       ??_C@_0DH@LODENFNP@?$FLILXE?$FN$matlabroot$?1toolbox?1eml?1l@ 0000000180003748     julia_v4_api.obj
 0002:00000780       ??_C@_07JKKCBBMM@context?$AA@ 0000000180003780     julia_v4_api.obj
 0002:00000788       ??_C@_04MEMAJGDJ@name?$AA@ 0000000180003788     julia_v4_api.obj
 0002:00000790       ??_C@_0N@IGLAPNJK@dominantType?$AA@ 0000000180003790     julia_v4_api.obj
 0002:000007a0       ??_C@_08CGJBBLIA@resolved?$AA@ 00000001800037a0     julia_v4_api.obj
 0002:000007b0       ??_C@_0L@CNGJMFIK@fileTimeLo?$AA@ 00000001800037b0     julia_v4_api.obj
 0002:000007c0       ??_C@_0L@HMDKMKNA@fileTimeHi?$AA@ 00000001800037c0     julia_v4_api.obj
 0002:000007d0       ??_C@_0M@NFKFADI@mFileTimeLo?$AA@ 00000001800037d0     julia_v4_api.obj
 0002:000007e0       ??_C@_0M@FMAJFPGC@mFileTimeHi?$AA@ 00000001800037e0     julia_v4_api.obj
 0002:000007ec       ??_C@_02IFBCKDHD@vz?$AA@   00000001800037ec     julia_v4_api.obj
 0002:000007f0       ??_C@_01PAPGNFGE@c?$AA@    00000001800037f0     julia_v4_api.obj
 0002:000007f8       ??_C@_07DIOJGNEJ@maxiter?$AA@ 00000001800037f8     julia_v4_api.obj
 0002:00000800       ??_C@_0CC@IMHDKEMC@EMLRT?3runTime?3WrongNumberOfInput@ 0000000180003800     julia_v4_mex.obj
 0002:00000828       ??_C@_0CF@OIONOIOI@EMLRT?3runTime?3TooManyOutputArgum@ 0000000180003828     julia_v4_mex.obj
 0002:00000850       ??_C@_07NGFJPNPN@Version?$AA@ 0000000180003850     julia_v4_mex.obj
 0002:00000858       ??_C@_0BC@PFKIGKIM@ResolvedFunctions?$AA@ 0000000180003858     julia_v4_mex.obj
 0002:00000870       ??_C@_0M@HOOGCLMJ@EntryPoints?$AA@ 0000000180003870     julia_v4_mex.obj
 0002:0000087c       ??_C@_04FABLJDN@Name?$AA@  000000018000387c     julia_v4_mex.obj
 0002:00000888       ??_C@_0P@DJPKAEOC@NumberOfInputs?$AA@ 0000000180003888     julia_v4_mex.obj
 0002:00000898       ??_C@_0BA@HBLCOFA@NumberOfOutputs?$AA@ 0000000180003898     julia_v4_mex.obj
 0002:000008a8       ??_C@_0P@FDPDNMBC@ConstantInputs?$AA@ 00000001800038a8     julia_v4_mex.obj
 0002:000008b8       ??_C@_0BD@BMDBANMC@8?41?40?4604?5?$CIR2013a?$CJ?$AA@ 00000001800038b8     julia_v4_mex.obj
 0002:000008d0       __real@4000000000000000    00000001800038d0     julia_v4_mex.obj
 0002:000008d8       __real@4008000000000000    00000001800038d8     julia_v4_mex.obj
 0002:000008e0       _pRawDllMain               00000001800038e0     MSVCRT:crtdll.obj
 0002:000008e0       _pDefaultRawDllMain        00000001800038e0     MSVCRT:crtdll.obj
 0002:00000900       _load_config_used          0000000180003900     MSVCRT:loadcfg.obj
 0002:00000970       __rtc_iaa                  0000000180003970     MSVCRT:initsect.obj
 0002:00000978       __rtc_izz                  0000000180003978     MSVCRT:initsect.obj
 0002:00000980       __rtc_taa                  0000000180003980     MSVCRT:initsect.obj
 0002:00000988       __rtc_tzz                  0000000180003988     MSVCRT:initsect.obj
 0002:00000b78       __IMPORT_DESCRIPTOR_libmx  0000000180003b78     libmx:libmx.dll
 0002:00000b8c       __IMPORT_DESCRIPTOR_libmex 0000000180003b8c     libmex:libmex.dll
 0002:00000ba0       __IMPORT_DESCRIPTOR_libemlrt 0000000180003ba0     libemlrt:libemlrt.dll
 0002:00000bb4       __IMPORT_DESCRIPTOR_libmwmathutil 0000000180003bb4     libmwmathutil:libmwmathutil.dll
 0002:00000bc8       __IMPORT_DESCRIPTOR_MSVCR110 0000000180003bc8     MSVCRT:MSVCR110.dll
 0002:00000bdc       __IMPORT_DESCRIPTOR_KERNEL32 0000000180003bdc     kernel32:KERNEL32.dll
 0002:00000bf0       __NULL_IMPORT_DESCRIPTOR   0000000180003bf0     libmx:libmx.dll
 0003:00000000       emlrtMCI                   0000000180005000     julia_v4_data.obj
 0003:00000020       emlrtContextGlobal         0000000180005020     julia_v4_mex.obj
 0003:00000060       _fltused                   0000000180005060     MSVCRT:dllsupp.obj
 0003:00000070       __security_cookie          0000000180005070     MSVCRT:gs_cookie.obj
 0003:00000078       __security_cookie_complement 0000000180005078     MSVCRT:gs_cookie.obj
 0003:00000080       __native_dllmain_reason    0000000180005080     MSVCRT:natstart.obj
 0003:00000098       emlrtRootTLSGlobal         0000000180005098     julia_v4_mex.obj
 0003:00000628       ?__type_info_root_node@@3U__type_info_node@@A 0000000180005628     MSVCRT:tncleanup.obj
 0003:00000638       __native_startup_lock      0000000180005638     <common>
 0003:00000640       __native_startup_state     0000000180005640     <common>
 0003:00000648       __onexitend                0000000180005648     <common>
 0003:00000650       __onexitbegin              0000000180005650     <common>
 0003:00000658       __dyn_tls_init_callback    0000000180005658     <common>

 entry point at        0001:00001574

 Static symbols

 0001:00000600       g_emlrt_marshallIn         0000000180001600 f   julia_v4_api.obj
 0001:000006e0       info_helper                00000001800016e0 f   julia_v4_api.obj
 0001:00000fa0       julia_v4_mexFunction       0000000180001fa0 f   julia_v4_mex.obj
 0001:00001290       $$000000                   0000000180002290     MSVCRT:amdsecgs.obj
 0001:000012c8       pre_c_init                 00000001800022c8 f   MSVCRT:crtdll.obj
 0001:000015b4       __DllMainCRTStartup        00000001800025b4 f   MSVCRT:crtdll.obj
 0001:00001ba0       __DllMainCRTStartup$filt$0 0000000180002ba0 f   MSVCRT:crtdll.obj
 0001:00001bc5       __DllMainCRTStartup$fin$1  0000000180002bc5 f   MSVCRT:crtdll.obj
 0001:00001be0       _IsNonwritableInCurrentImage$filt$0 0000000180002be0 f   MSVCRT:pesect.obj
 0001:00001c00       _onexit$fin$0              0000000180002c00 f   MSVCRT:atonexit.obj
 0002:00000250       pcinit                     0000000180003250     MSVCRT:crtdll.obj
 0002:00000258       pinit                      0000000180003258     MSVCRT:atonexit.obj
 0002:000002c0       ?iv1@?1??emlrt_marshallOut@@9@9 00000001800032c0     julia_v4_api.obj
 0002:000008e8       GS_ExceptionPointers       00000001800038e8     MSVCRT:gs_report.obj
 0002:00000990       $unwind$julia_v4           0000000180003990     julia_v4.obj
 0002:000009ac       $chain$1$julia_v4          00000001800039ac     julia_v4.obj
 0002:000009c4       $chain$2$julia_v4          00000001800039c4     julia_v4.obj
 0002:000009d4       $unwind$emlrtMexFcnResolvedFunctionsInfo 00000001800039d4     julia_v4_api.obj
 0002:000009f8       $unwind$julia_v4_api       00000001800039f8     julia_v4_api.obj
 0002:00000a14       $unwind$g_emlrt_marshallIn 0000000180003a14     julia_v4_api.obj
 0002:00000a1c       $unwind$emxEnsureCapacity  0000000180003a1c     julia_v4_emxutil.obj
 0002:00000a30       $chain$0$emxEnsureCapacity 0000000180003a30     julia_v4_emxutil.obj
 0002:00000a44       $chain$1$emxEnsureCapacity 0000000180003a44     julia_v4_emxutil.obj
 0002:00000a54       $unwind$_DllMainCRTStartup 0000000180003a54     julia_v4_emxutil.obj
 0002:00000a54       $unwind$emxInit_real_T     0000000180003a54     julia_v4_emxutil.obj
 0002:00000a54       $unwind$emxInit_creal_T    0000000180003a54     julia_v4_emxutil.obj
 0002:00000a64       $unwind$mexFunction        0000000180003a64     julia_v4_mex.obj
 0002:00000a78       $unwind$julia_v4_mexFunction 0000000180003a78     julia_v4_mex.obj
 0002:00000a90       $unwind$emlrtMexFcnProperties 0000000180003a90     julia_v4_mex.obj
 0002:00000aa0       $xdatasym                  0000000180003aa0     MSVCRT:amdsecgs.obj
 0002:00000aa4       $unwind$_CRT_INIT          0000000180003aa4     MSVCRT:crtdll.obj
 0002:00000ac0       $unwind$__DllMainCRTStartup 0000000180003ac0     MSVCRT:crtdll.obj
 0002:00000afc       $unwind$__DllMainCRTStartup$fin$1 0000000180003afc     MSVCRT:crtdll.obj
 0002:00000afc       $unwind$_onexit$fin$0      0000000180003afc     MSVCRT:crtdll.obj
 0002:00000afc       $unwind$_IsNonwritableInCurrentImage$filt$0 0000000180003afc     MSVCRT:crtdll.obj
 0002:00000afc       $unwind$__DllMainCRTStartup$filt$0 0000000180003afc     MSVCRT:crtdll.obj
 0002:00000b04       $unwind$__raise_securityfailure 0000000180003b04     MSVCRT:gs_report.obj
 0002:00000b04       $unwind$julia_v4_initialize 0000000180003b04     MSVCRT:gs_report.obj
 0002:00000b04       $unwind$emxFree_real_T     0000000180003b04     MSVCRT:gs_report.obj
 0002:00000b04       $unwind$__GSHandlerCheckCommon 0000000180003b04     MSVCRT:gs_report.obj
 0002:00000b04       $unwind$emxFree_creal_T    0000000180003b04     MSVCRT:gs_report.obj
 0002:00000b04       $unwind$pre_c_init         0000000180003b04     MSVCRT:gs_report.obj
 0002:00000b04       $unwind$__atonexitinit     0000000180003b04     MSVCRT:gs_report.obj
 0002:00000b0c       $unwind$__report_gsfailure 0000000180003b0c     MSVCRT:gs_report.obj
 0002:00000b14       $unwind$_IsNonwritableInCurrentImage 0000000180003b14     MSVCRT:pesect.obj
 0002:00000b38       $unwind$julia_v4_atexit    0000000180003b38     MSVCRT:atonexit.obj
 0002:00000b38       $unwind$atexit             0000000180003b38     MSVCRT:atonexit.obj
 0002:00000b38       $unwind$julia_v4_terminate 0000000180003b38     MSVCRT:atonexit.obj
 0002:00000b38       $unwind$DllMain            0000000180003b38     MSVCRT:atonexit.obj
 0002:00000b38       $unwind$__GSHandlerCheck   0000000180003b38     MSVCRT:atonexit.obj
 0002:00000b40       $unwind$_onexit            0000000180003b40     MSVCRT:atonexit.obj
 0002:00000b60       $unwind$__security_init_cookie 0000000180003b60     MSVCRT:gs_support.obj
 0002:00000b6c       $unwind$_RTC_Terminate     0000000180003b6c     MSVCRT:initsect.obj
 0002:00000b6c       $unwind$_RTC_Initialize    0000000180003b6c     MSVCRT:initsect.obj
 0002:00000f3c       .idata$6                   0000000180003f3c     libmx:libmx.dll
 0002:00000f52       .idata$6                   0000000180003f52     libmex:libmex.dll
 0002:000011d4       .idata$6                   00000001800041d4     libemlrt:libemlrt.dll
 0002:000011f8       .idata$6                   00000001800041f8     libmwmathutil:libmwmathutil.dll
 0002:00001214       .idata$6                   0000000180004214     MSVCRT:MSVCR110.dll
 0002:00001418       .idata$6                   0000000180004418     kernel32:KERNEL32.dll
 0002:00001430       .edata                     0000000180004430     julia_v4_mex.exp
 0002:00001458       rgpv                       0000000180004458     julia_v4_mex.exp
 0002:0000146c       rgszName                   000000018000446c     julia_v4_mex.exp
 0002:00001480       rgwOrd                     0000000180004480     julia_v4_mex.exp
 0002:0000148a       szName                     000000018000448a     julia_v4_mex.exp
 0002:0000149e       $N00001                    000000018000449e     julia_v4_mex.exp
 0002:000014b4       $N00002                    00000001800044b4     julia_v4_mex.exp
 0002:000014bd       $N00003                    00000001800044bd     julia_v4_mex.exp
 0002:000014d1       $N00004                    00000001800044d1     julia_v4_mex.exp
 0002:000014e4       $N00005                    00000001800044e4     julia_v4_mex.exp
 0003:00000090       emlrtBreakCheckR2012bFlagVar 0000000180005090     julia_v4_initialize.obj
 0003:000000a0       __proc_attached            00000001800050a0     MSVCRT:crtdll.obj
 0003:000000b0       GS_ExceptionRecord         00000001800050b0     MSVCRT:gs_report.obj
 0003:00000150       GS_ContextRecord           0000000180005150     MSVCRT:gs_report.obj
 0003:00000620       DebuggerWasPresent         0000000180005620     MSVCRT:gs_report.obj
 0004:00000000       $pdata$julia_v4_initialize 0000000180006000     julia_v4_initialize.obj
 0004:0000000c       $pdata$julia_v4_atexit     000000018000600c     julia_v4_terminate.obj
 0004:00000018       $pdata$julia_v4_terminate  0000000180006018     julia_v4_terminate.obj
 0004:00000024       $pdata$julia_v4            0000000180006024     julia_v4.obj
 0004:00000030       $pdata$1$julia_v4          0000000180006030     julia_v4.obj
 0004:0000003c       $pdata$2$julia_v4          000000018000603c     julia_v4.obj
 0004:00000048       $pdata$emlrtMexFcnResolvedFunctionsInfo 0000000180006048     julia_v4_api.obj
 0004:00000054       $pdata$g_emlrt_marshallIn  0000000180006054     julia_v4_api.obj
 0004:00000060       $pdata$julia_v4_api        0000000180006060     julia_v4_api.obj
 0004:0000006c       $pdata$emxEnsureCapacity   000000018000606c     julia_v4_emxutil.obj
 0004:00000078       $pdata$0$emxEnsureCapacity 0000000180006078     julia_v4_emxutil.obj
 0004:00000084       $pdata$1$emxEnsureCapacity 0000000180006084     julia_v4_emxutil.obj
 0004:00000090       $pdata$emxFree_creal_T     0000000180006090     julia_v4_emxutil.obj
 0004:00000090       $pdata$emxFree_real_T      0000000180006090     julia_v4_emxutil.obj
 0004:0000009c       $pdata$emxInit_real_T      000000018000609c     julia_v4_emxutil.obj
 0004:0000009c       $pdata$emxInit_creal_T     000000018000609c     julia_v4_emxutil.obj
 0004:000000a8       $pdata$emlrtMexFcnProperties 00000001800060a8     julia_v4_mex.obj
 0004:000000b4       $pdata$julia_v4_mexFunction 00000001800060b4     julia_v4_mex.obj
 0004:000000c0       $pdata$mexFunction         00000001800060c0     julia_v4_mex.obj
 0004:000000cc       $pdata$__GSHandlerCheck    00000001800060cc     MSVCRT:gshandler.obj
 0004:000000d8       $pdata$__GSHandlerCheckCommon 00000001800060d8     MSVCRT:gshandler.obj
 0004:000000f0       $pdata$pre_c_init          00000001800060f0     MSVCRT:crtdll.obj
 0004:000000fc       $pdata$_CRT_INIT           00000001800060fc     MSVCRT:crtdll.obj
 0004:00000108       $pdata$_DllMainCRTStartup  0000000180006108     MSVCRT:crtdll.obj
 0004:00000114       $pdata$__DllMainCRTStartup 0000000180006114     MSVCRT:crtdll.obj
 0004:00000120       $pdata$__raise_securityfailure 0000000180006120     MSVCRT:gs_report.obj
 0004:0000012c       $pdata$__report_gsfailure  000000018000612c     MSVCRT:gs_report.obj
 0004:00000138       $pdata$_IsNonwritableInCurrentImage 0000000180006138     MSVCRT:pesect.obj
 0004:00000144       $pdata$__atonexitinit      0000000180006144     MSVCRT:atonexit.obj
 0004:00000150       $pdata$_onexit             0000000180006150     MSVCRT:atonexit.obj
 0004:0000015c       $pdata$atexit              000000018000615c     MSVCRT:atonexit.obj
 0004:00000168       $pdata$__security_init_cookie 0000000180006168     MSVCRT:gs_support.obj
 0004:00000174       $pdata$DllMain             0000000180006174     MSVCRT:dllmain.obj
 0004:00000180       $pdata$_RTC_Initialize     0000000180006180     MSVCRT:initsect.obj
 0004:0000018c       $pdata$_RTC_Terminate      000000018000618c     MSVCRT:initsect.obj
 0004:00000198       $pdata$__DllMainCRTStartup$filt$0 0000000180006198     MSVCRT:crtdll.obj
 0004:000001a4       $pdata$__DllMainCRTStartup$fin$1 00000001800061a4     MSVCRT:crtdll.obj
 0004:000001b0       $pdata$_IsNonwritableInCurrentImage$filt$0 00000001800061b0     MSVCRT:pesect.obj
 0004:000001bc       $pdata$_onexit$fin$0       00000001800061bc     MSVCRT:atonexit.obj
